// Jest Snapshot v1, https://goo.gl/fbAQLP

exports[`AccountSummaryHome tests Renders AccountSummaryHome and match snapshot 1`] = `
<div
  className="MuiGrid-container-34 MuiGrid-justify-xs-center-51 GridContainer-grid-33 AccountSummaryHome-gridContainer-1"
>
  <div
    className="MuiGrid-item-35 MuiGrid-grid-xs-12-74 MuiGrid-grid-md-12-102 MuiGrid-grid-lg-12-116 GridItem-grid-131 AccountSummaryHome-itemsContainer-4"
  >
    <div
      className="Card-card-132 AccountSummaryHome-cardItem-6 AccountSummaryHome-alignFlexEnd-7"
    >
      <div
        className="AccountSummaryHome-logoMetamask-8"
      >
        <img
          alt=""
          className="AccountSummaryHome-logoMetamaskImg-9"
          src="metamask.svg"
        />
      </div>
      <h3
        className="AccountSummaryHome-walletTitle-10"
        title="0x4d3F9184Fc32A43BAD2641b1536B52a076FBBDcE"
      >
        0x4d3F91...76FBBDcE
      </h3>
      <div
        className="AccountSummaryHome-blockData-18"
      >
        <div
          className="AccountSummaryHome-blockDataItem-19"
        >
          <p
            className="AccountSummaryHome-blockDataItemValue-20"
          />
          <h4
            className="AccountSummaryHome-blockDataItemTitle-21"
          >
            LPT
          </h4>
        </div>
        <div
          className="AccountSummaryHome-blockDataItem-19"
        >
          <p
            className="AccountSummaryHome-blockDataItemValue-20"
          >
            ethBalance
          </p>
          <h4
            className="AccountSummaryHome-blockDataItemTitle-21"
          >
            ETH
          </h4>
        </div>
      </div>
    </div>
    <div
      className="Card-card-132 AccountSummaryHome-cardItem-6 AccountSummaryHome-alignFlexEnd-7"
    >
      <div
        className="AccountSummaryHome-topInfo-16"
      >
        <h3
          className="AccountSummaryHome-walletTitle-10 AccountSummaryHome-rewardTitleBig-12 AccountSummaryHome-lessMarginBottom-15"
        >
          Bonded
        </h3>
        <p
          className="AccountSummaryHome-walletInfo-17"
        >
          Bonded to delegate
           
          <a
            href="https://explorer.livepeer.org/accounts/undefined"
            rel="noopener noreferrer"
            target="_blank"
          />
           
          at round 
          0
           
        </p>
      </div>
      <div
        className="AccountSummaryHome-blockData-18"
      >
        <div
          className="AccountSummaryHome-blockDataItem-19"
        >
          <p
            className="AccountSummaryHome-blockDataItemValue-20"
          />
          <h4
            className="AccountSummaryHome-blockDataItemTitle-21"
          >
            Stake
             
            LPT
          </h4>
        </div>
        <div
          className="AccountSummaryHome-blockDataItem-19"
        >
          <p
            className="AccountSummaryHome-blockDataItemValue-20"
          >
            0
          </p>
          <h4
            className="AccountSummaryHome-blockDataItemTitle-21"
          >
            Earning fees
             
            ETH
          </h4>
        </div>
      </div>
    </div>
  </div>
  <div
    className="MuiGrid-item-35 MuiGrid-grid-xs-12-74 MuiGrid-grid-md-12-102 MuiGrid-grid-lg-12-116 GridItem-grid-131 AccountSummaryHome-itemsContainerFull-5"
  >
    <div
      className="Card-card-132 AccountSummaryHome-cardItem-6"
    >
      <h3
        className="AccountSummaryHome-rewardTitle-11"
      >
        Reward Calls
      </h3>
      <p
        className="AccountSummaryHome-rewardText-13"
      >
        Unfortunately the delegate has not claimed the last inflationary token rewards.
      </p>
    </div>
  </div>
  <div
    className="MuiGrid-item-35 MuiGrid-grid-xs-12-74 MuiGrid-grid-md-12-102 MuiGrid-grid-lg-12-116 GridItem-grid-131 AccountSummaryHome-buttonsContainer-23"
  >
    <button
      className="MuiButtonBase-root-204 MuiButton-root-178 MuiButton-text-180 MuiButton-flat-183 RegularButton-button-149 RegularButton-lg-172 RegularButton-info-152 RegularButton-round-174 AccountSummaryHome-subscriptionBtn-25"
      disabled={false}
      onBlur={[Function]}
      onClick={[Function]}
      onFocus={[Function]}
      onKeyDown={[Function]}
      onKeyUp={[Function]}
      onMouseDown={[Function]}
      onMouseLeave={[Function]}
      onMouseUp={[Function]}
      onTouchEnd={[Function]}
      onTouchMove={[Function]}
      onTouchStart={[Function]}
      tabIndex="0"
      type="button"
    >
      <span
        className="MuiButton-label-179"
      >
        Telegram
      </span>
      <span
        className="MuiTouchRipple-root-207"
      />
    </button>
    <button
      className="MuiButtonBase-root-204 MuiButton-root-178 MuiButton-text-180 MuiButton-flat-183 RegularButton-button-149 RegularButton-lg-172 RegularButton-warning-154 RegularButton-round-174 AccountSummaryHome-subscriptionBtn-25"
      disabled={false}
      onBlur={[Function]}
      onClick={[Function]}
      onFocus={[Function]}
      onKeyDown={[Function]}
      onKeyUp={[Function]}
      onMouseDown={[Function]}
      onMouseLeave={[Function]}
      onMouseUp={[Function]}
      onTouchEnd={[Function]}
      onTouchMove={[Function]}
      onTouchStart={[Function]}
      tabIndex="0"
      type="button"
    >
      <span
        className="MuiButton-label-179"
      >
        Unsubscribe
      </span>
      <span
        className="MuiTouchRipple-root-207"
      />
    </button>
  </div>
  <div
    className="MuiGrid-item-35 MuiGrid-grid-xs-12-74 MuiGrid-grid-md-12-102 MuiGrid-grid-lg-12-116 GridItem-grid-131 AccountSummaryHome-itemsContainerFull-5"
  >
    <p
      className="AccountSummaryHome-subscribeText-14"
    >
      Don't miss your LFT reward. Subscribe now!
    </p>
  </div>
</div>
`;
