// Jest Snapshot v1, https://goo.gl/fbAQLP

exports[`AccountSummaryHome tests Renders AccountSummaryHome and match snapshot 1`] = `
<div
  className="MuiGrid-container-32 MuiGrid-justify-xs-center-49 GridContainer-grid-31 AccountSummaryHome-gridContainer-1"
>
  <div
    className="MuiGrid-item-33 MuiGrid-grid-xs-12-72 MuiGrid-grid-md-12-100 MuiGrid-grid-lg-12-114 GridItem-grid-129 AccountSummaryHome-itemsContainer-4"
  >
    <div
      className="Card-card-130 AccountSummaryHome-cardItem-6"
    >
      <div
        className="AccountSummaryHome-logoMetamask-7"
      >
        <img
          alt=""
          className="AccountSummaryHome-logoMetamaskImg-8"
          src="metamask.svg"
        />
      </div>
      <h3
        className="AccountSummaryHome-walletTitle-9"
        title="0x4d3F9184Fc32A43BAD2641b1536B52a076FBBDcE"
      >
        0x4d3F91...76FBBDcE
      </h3>
      <div
        className="AccountSummaryHome-blockData-16"
      >
        <div
          className="AccountSummaryHome-blockDataItem-17"
        >
          <p
            className="AccountSummaryHome-blockDataItemValue-18"
          />
          <h4
            className="AccountSummaryHome-blockDataItemTitle-19"
          >
            LPT
          </h4>
        </div>
        <div
          className="AccountSummaryHome-blockDataItem-17"
        >
          <p
            className="AccountSummaryHome-blockDataItemValue-18"
          >
            ethBalance
          </p>
          <h4
            className="AccountSummaryHome-blockDataItemTitle-19"
          >
            ETH
          </h4>
        </div>
      </div>
    </div>
    <div
      className="Card-card-130 AccountSummaryHome-cardItem-6"
    >
      <div
        className="AccountSummaryHome-topInfo-14"
      >
        <h3
          className="AccountSummaryHome-walletTitle-9 AccountSummaryHome-lessMarginBottom-13"
        >
          Bonded
        </h3>
        <p
          className="AccountSummaryHome-walletInfo-15"
        >
          Bonded to delegate
           
          <a
            href="https://explorer.livepeer.org/accounts/undefined"
            rel="noopener noreferrer"
            target="_blank"
          />
           
          at round 
          0
           
        </p>
      </div>
      <div
        className="AccountSummaryHome-blockData-16"
      >
        <div
          className="AccountSummaryHome-blockDataItem-17"
        >
          <h3
            className="AccountSummaryHome-blockDataItemMainTitle-20"
          >
            Stake
          </h3>
          <p
            className="AccountSummaryHome-blockDataItemValue-18"
          />
          <h4
            className="AccountSummaryHome-blockDataItemTitle-19"
          >
            LPT
          </h4>
        </div>
        <div
          className="AccountSummaryHome-blockDataItem-17"
        >
          <h3
            className="AccountSummaryHome-blockDataItemMainTitle-20"
          >
            Earning fees
          </h3>
          <p
            className="AccountSummaryHome-blockDataItemValue-18"
          >
            0
          </p>
          <h4
            className="AccountSummaryHome-blockDataItemTitle-19"
          >
            ETH
          </h4>
        </div>
      </div>
    </div>
  </div>
  <div
    className="MuiGrid-item-33 MuiGrid-grid-xs-12-72 MuiGrid-grid-md-12-100 MuiGrid-grid-lg-12-114 GridItem-grid-129 AccountSummaryHome-itemsContainerFull-5"
  >
    <div
      className="Card-card-130 AccountSummaryHome-cardItem-6"
    >
      <h3
        className="AccountSummaryHome-rewardTitle-10"
      >
        Reward Calls
      </h3>
      <p
        className="AccountSummaryHome-rewardText-11"
      >
        Unfortunately the delegate has not claimed the last inflationary token rewards.
      </p>
    </div>
  </div>
  <div
    className="MuiGrid-item-33 MuiGrid-grid-xs-12-72 MuiGrid-grid-md-12-100 MuiGrid-grid-lg-12-114 GridItem-grid-129 AccountSummaryHome-buttonsContainer-21"
  >
    <button
      className="MuiButtonBase-root-202 MuiButton-root-176 MuiButton-text-178 MuiButton-flat-181 RegularButton-button-147 RegularButton-lg-170 RegularButton-info-150 RegularButton-round-172 AccountSummaryHome-subscriptionBtn-23"
      disabled={false}
      onBlur={[Function]}
      onClick={[Function]}
      onFocus={[Function]}
      onKeyDown={[Function]}
      onKeyUp={[Function]}
      onMouseDown={[Function]}
      onMouseLeave={[Function]}
      onMouseUp={[Function]}
      onTouchEnd={[Function]}
      onTouchMove={[Function]}
      onTouchStart={[Function]}
      tabIndex="0"
      type="button"
    >
      <span
        className="MuiButton-label-177"
      >
        Telegram
      </span>
      <span
        className="MuiTouchRipple-root-205"
      />
    </button>
    <button
      className="MuiButtonBase-root-202 MuiButton-root-176 MuiButton-text-178 MuiButton-flat-181 RegularButton-button-147 RegularButton-lg-170 RegularButton-warning-152 RegularButton-round-172 AccountSummaryHome-subscriptionBtn-23"
      disabled={false}
      onBlur={[Function]}
      onClick={[Function]}
      onFocus={[Function]}
      onKeyDown={[Function]}
      onKeyUp={[Function]}
      onMouseDown={[Function]}
      onMouseLeave={[Function]}
      onMouseUp={[Function]}
      onTouchEnd={[Function]}
      onTouchMove={[Function]}
      onTouchStart={[Function]}
      tabIndex="0"
      type="button"
    >
      <span
        className="MuiButton-label-177"
      >
        Unsubscribe
      </span>
      <span
        className="MuiTouchRipple-root-205"
      />
    </button>
  </div>
  <div
    className="MuiGrid-item-33 MuiGrid-grid-xs-12-72 MuiGrid-grid-md-12-100 MuiGrid-grid-lg-12-114 GridItem-grid-129 AccountSummaryHome-itemsContainerFull-5"
  >
    <p
      className="AccountSummaryHome-subscribeText-12"
    >
      Don't miss your LFT reward. Subscribe now!
    </p>
  </div>
</div>
`;
