// Jest Snapshot v1, https://goo.gl/fbAQLP

exports[`Card test Should render a Card and check snapshot 1`] = `
<div
  className="Card-card-1 AccountSummaryCard"
>
  <h3>
    Test
  </h3>
  <div
    className="MuiCircularProgress-root-19 MuiCircularProgress-colorPrimary-22 MuiCircularProgress-indeterminate-21 spinner-progress-18"
    role="progressbar"
    style={
      Object {
        "height": 40,
        "width": 40,
      }
    }
  >
    <svg
      className="MuiCircularProgress-svg-24"
      viewBox="22 22 44 44"
    >
      <circle
        className="MuiCircularProgress-circle-25 MuiCircularProgress-circleIndeterminate-27"
        cx={44}
        cy={44}
        fill="none"
        r={20.2}
        strokeWidth={3.6}
        style={Object {}}
      />
    </svg>
  </div>
</div>
`;
