// Jest Snapshot v1, https://goo.gl/fbAQLP

exports[`CardAvatar test Should render a CardAvatar and check snapshot 1`] = `
<div
  className="CardAvatar-cardAvatar-1"
>
  <h3>
    Test
  </h3>
  <div
    className="MuiCircularProgress-root-7 MuiCircularProgress-colorPrimary-10 MuiCircularProgress-indeterminate-9 spinner-progress-6"
    role="progressbar"
    style={
      Object {
        "height": 40,
        "width": 40,
      }
    }
  >
    <svg
      className="MuiCircularProgress-svg-12"
      viewBox="22 22 44 44"
    >
      <circle
        className="MuiCircularProgress-circle-13 MuiCircularProgress-circleIndeterminate-15"
        cx={44}
        cy={44}
        fill="none"
        r={20.2}
        strokeWidth={3.6}
        style={Object {}}
      />
    </svg>
  </div>
</div>
`;
