// Jest Snapshot v1, https://goo.gl/fbAQLP

exports[`Header test  Should render Header and check snapshot 1`] = `
<header
  className="MuiPaper-root-22 MuiPaper-elevation4-28 MuiAppBar-root-13 MuiAppBar-positionFixed-14 MuiAppBar-colorPrimary-20 mui-fixed Header-appBar-1"
>
  <div
    className="MuiToolbar-root-49 MuiToolbar-regular-51 MuiToolbar-gutters-50 Header-container-2"
  >
    <div
      className="HiddenCss-smDown-58"
    >
      <div
        className="Header-sidebarMinimize-10 "
      >
        <button
          className="MuiButtonBase-root-123 MuiButton-root-97 MuiButton-text-99 MuiButton-flat-102 RegularButton-button-68 RegularButton-white-76 RegularButton-round-93 RegularButton-justIcon-96"
          disabled={false}
          onBlur={[Function]}
          onFocus={[Function]}
          onKeyDown={[Function]}
          onKeyUp={[Function]}
          onMouseDown={[Function]}
          onMouseLeave={[Function]}
          onMouseUp={[Function]}
          onTouchEnd={[Function]}
          onTouchMove={[Function]}
          onTouchStart={[Function]}
          tabIndex="0"
          type="button"
        >
          <span
            className="MuiButton-label-98"
          >
            <svg
              aria-hidden="true"
              className="MuiSvgIcon-root-126 Header-sidebarMiniIcon-12"
              focusable="false"
              role="presentation"
              viewBox="0 0 24 24"
            >
              <path
                d="M0 0h24v24H0z"
                fill="none"
              />
              <path
                d="M12 8c1.1 0 2-.9 2-2s-.9-2-2-2-2 .9-2 2 .9 2 2 2zm0 2c-1.1 0-2 .9-2 2s.9 2 2 2 2-.9 2-2-.9-2-2-2zm0 6c-1.1 0-2 .9-2 2s.9 2 2 2 2-.9 2-2-.9-2-2-2z"
              />
            </svg>
          </span>
          <span
            className="MuiTouchRipple-root-135"
          />
        </button>
      </div>
    </div>
    <div
      className="Header-flex-3"
    >
      <a
        className="MuiButtonBase-root-123 MuiButton-root-97 MuiButton-text-99 MuiButton-flat-102 RegularButton-button-68 RegularButton-transparent-89 Header-title-4"
        href="#"
        onBlur={[Function]}
        onFocus={[Function]}
        onKeyDown={[Function]}
        onKeyUp={[Function]}
        onMouseDown={[Function]}
        onMouseLeave={[Function]}
        onMouseUp={[Function]}
        onTouchEnd={[Function]}
        onTouchMove={[Function]}
        onTouchStart={[Function]}
        role="button"
        tabIndex="0"
      >
        <span
          className="MuiButton-label-98"
        >
          Default Brand Name
        </span>
        <span
          className="MuiTouchRipple-root-135"
        />
      </a>
    </div>
    <div
      className="HiddenCss-mdUp-60"
    >
      <button
        aria-label="open drawer"
        className="MuiButtonBase-root-123 MuiButton-root-97 MuiButton-text-99 MuiButton-flat-102 RegularButton-button-68 RegularButton-transparent-89 RegularButton-justIcon-96"
        disabled={false}
        onBlur={[Function]}
        onFocus={[Function]}
        onKeyDown={[Function]}
        onKeyUp={[Function]}
        onMouseDown={[Function]}
        onMouseLeave={[Function]}
        onMouseUp={[Function]}
        onTouchEnd={[Function]}
        onTouchMove={[Function]}
        onTouchStart={[Function]}
        tabIndex="0"
        type="button"
      >
        <span
          className="MuiButton-label-98"
        >
          <svg
            aria-hidden="true"
            className="MuiSvgIcon-root-126"
            focusable="false"
            role="presentation"
            viewBox="0 0 24 24"
          >
            <path
              d="M0 0h24v24H0z"
              fill="none"
            />
            <path
              d="M3 18h18v-2H3v2zm0-5h18v-2H3v2zm0-7v2h18V6H3z"
            />
          </svg>
        </span>
        <span
          className="MuiTouchRipple-root-135"
        />
      </button>
    </div>
  </div>
</header>
`;
