// Jest Snapshot v1, https://goo.gl/fbAQLP

exports[`Pages Header test  Should render Pages Header and check snapshot 1`] = `
<header
  className="MuiPaper-root-28 MuiPaper-elevation4-34 MuiAppBar-root-19 MuiAppBar-positionStatic-23 MuiAppBar-colorPrimary-26 PagesHeader-appBar-1"
>
  <div
    className="MuiToolbar-root-55 MuiToolbar-regular-57 MuiToolbar-gutters-56 PagesHeader-container-2"
  >
    <div
      className="PagesHeader-flex-3"
    >
      <a
        href="/"
        style={
          Object {
            "backgroundImage": "none",
            "height": "32px",
          }
        }
      >
        <img
          alt=""
          src="logo-tools.png"
          style={
            Object {
              "width": "135px",
            }
          }
        />
      </a>
    </div>
  </div>
</header>
`;
