// Jest Snapshot v1, https://goo.gl/fbAQLP

exports[`AccountSummarySubscriptionForm Test Renders AccountSummarySubscriptionForm and match snapshot 1`] = `
Array [
  <div
    className="MuiGrid-container-2 MuiGrid-align-items-xs-center-10 MuiGrid-justify-xs-center-19 GridContainer-grid-1 accountSummarySubscriptionFormDisplay-gridContainer-130"
  >
    <div
      className="MuiGrid-item-3 GridItem-grid-99 accountSummarySubscriptionFormDisplay-cardContainer-129"
    >
      <div
        className="Card-card-100 accountSummarySubscriptionFormDisplay-cardSignup-131"
      >
        <h2
          className="accountSummarySubscriptionFormDisplay-cardTitle-128"
        >
          Subscribe:
        </h2>
        <form>
          <div
            className="Input"
          >
            <label
              className="Label"
            />
            <input
              className="InputElement"
              onChange={[Function]}
              placeholder="Your E-Mail"
              type="email"
              value=""
            />
          </div>
          <button
            className="MuiButtonBase-root-188 MuiButton-root-162 MuiButton-text-164 MuiButton-flat-167 RegularButton-button-133 RegularButton-lg-156 RegularButton-warning-138 RegularButton-round-158 accountSummarySubscriptionFormDisplay-subscribeButton-132"
            disabled={false}
            onBlur={[Function]}
            onClick={[Function]}
            onFocus={[Function]}
            onKeyDown={[Function]}
            onKeyUp={[Function]}
            onMouseDown={[Function]}
            onMouseLeave={[Function]}
            onMouseUp={[Function]}
            onTouchEnd={[Function]}
            onTouchMove={[Function]}
            onTouchStart={[Function]}
            tabIndex="0"
            type="button"
          >
            <span
              className="MuiButton-label-163"
            >
              Cancel
            </span>
            <span
              className="MuiTouchRipple-root-191"
            />
          </button>
          <button
            className="MuiButtonBase-root-188 MuiButton-root-162 MuiButton-text-164 MuiButton-flat-167 RegularButton-button-133 RegularButton-lg-156 RegularButton-primary-135 RegularButton-round-158 RegularButton-disabled-155 accountSummarySubscriptionFormDisplay-subscribeButton-132"
            disabled={false}
            onBlur={[Function]}
            onClick={[Function]}
            onFocus={[Function]}
            onKeyDown={[Function]}
            onKeyUp={[Function]}
            onMouseDown={[Function]}
            onMouseLeave={[Function]}
            onMouseUp={[Function]}
            onTouchEnd={[Function]}
            onTouchMove={[Function]}
            onTouchStart={[Function]}
            tabIndex="0"
            type="button"
          >
            <span
              className="MuiButton-label-163"
            >
              Subscribe
            </span>
            <span
              className="MuiTouchRipple-root-191"
            />
          </button>
        </form>
      </div>
    </div>
  </div>,
  <div
    className="Toastify"
  />,
]
`;
