// Jest Snapshot v1, https://goo.gl/fbAQLP

exports[`Renders terms and conditions Shows terms and conditions and check snapshot 1`] = `
<div
  className="MuiGrid-container-7 MuiGrid-align-items-xs-center-15 MuiGrid-justify-xs-center-24 GridContainer-grid-6 TermsAndConditionsComponent-gridContainer-5"
>
  <div
    className="MuiGrid-item-8 GridItem-grid-104 TermsAndConditionsComponent-cardContainer-3"
  >
    <div
      className="Card-card-105 TermsAndConditionsComponent-cardTerms-4"
    >
      <h2
        className="TermsAndConditionsComponent-cardTitle-1"
      >
        Terms and Conditions
      </h2>
      <p
        className="TermsAndConditionsComponent-cardText-2"
      >
        Lorem ipsum dolor sit amet, consectetur adipiscing elit. Maecenas ultricies quam a mauris viverra, ut viverra libero sagittis. Interdum et malesuada fames ac ante ipsum primis in faucibus. Nunc laoreet vel elit sed commodo. Proin in libero in libero vestibulum vestibulum nec et dolor. Ut et nisl vehicula, luctus augue nec, mollis dolor. Quisque faucibus gravida pulvinar. Mauris tristique consectetur lectus, sed aliquet sapien lacinia vulputate. Maecenas ut lacinia risus. Suspendisse at turpis porttitor, convallis neque sit amet, dictum nunc. Morbi posuere mauris vitae orci finibus hendrerit sit amet a augue.
      </p>
      <p
        className="TermsAndConditionsComponent-cardText-2"
      >
        Praesent at ex metus. Vivamus et libero rutrum, scelerisque nibh quis, iaculis purus. Ut sem lorem, tincidunt ac viverra quis, gravida ut felis. Curabitur id nulla tincidunt, tristique arcu nec, volutpat orci. In id ligula sit amet massa auctor condimentum. Pellentesque pharetra dignissim vehicula. Etiam eu ultrices dolor. In auctor auctor lobortis. Nulla facilisi. Donec dignissim lectus vel massa lacinia tempus. Praesent arcu mi, finibus sit amet facilisis ut, egestas non erat.
      </p>
    </div>
  </div>
</div>
`;
